#,,"generated_by='OpenQuake engine 3.21.0-git8677aaa2e3', start_date='2024-06-15T07:28:32', checksum=1984326034, investigation_time=None, risk_investigation_time=None"
loss_type,loss_value,loss_ratio
number,1.18013E+00,2.26338E-04
