#,,,"generated_by='OpenQuake engine 3.21.0-gita040391071', start_date='2024-06-04T06:10:43', checksum=1471393410, investigation_time=None, risk_investigation_time=None"
loss_type,rlz_id,no_damage,complete
structural,0,3.48031E+01,1.96918E-01
structural,1,3.48311E+01,1.68853E-01
structural,2,3.48007E+01,1.99293E-01
