#,,,"generated_by='OpenQuake engine 3.21.0-gita040391071', start_date='2024-06-04T06:10:48', checksum=1471393410, investigation_time=None, risk_investigation_time=None"
loss_type,rlz_id,no_damage,complete
structural,0,3.47330E+01,2.67000E-01
structural,1,3.48970E+01,1.03000E-01
structural,2,3.49010E+01,9.90000E-02
