#,,,,,"generated_by='OpenQuake engine 3.21.0-git855f23bdf1', start_date='2024-06-04T05:50:50', checksum=1294572362, risk_investigation_time=1000.0, num_events=781, effective_time=2000.0, limit_states=''"
taxonomy,return_period,loss_type,rlz_id,loss_value,loss_ratio
Adobe/Com,5,contents,0,0.00000E+00,0.00000E+00
Adobe/Com,10,contents,0,0.00000E+00,0.00000E+00
Adobe/Com,20,contents,0,0.00000E+00,0.00000E+00
Adobe/Com,50,contents,0,0.00000E+00,0.00000E+00
Adobe/Com,100,contents,0,0.00000E+00,0.00000E+00
Adobe/Com,200,contents,0,1.45962E+03,7.35511E-02
Adobe/Com,500,contents,0,2.79436E+03,1.40810E-01
Adobe/Com,1000,contents,0,7.28810E+03,3.67251E-01
Adobe/Com,5,structural,0,0.00000E+00,0.00000E+00
Adobe/Com,10,structural,0,0.00000E+00,0.00000E+00
Adobe/Com,20,structural,0,0.00000E+00,0.00000E+00
Adobe/Com,50,structural,0,0.00000E+00,0.00000E+00
Adobe/Com,100,structural,0,1.56968E+03,1.38420E-01
Adobe/Com,200,structural,0,3.21271E+03,2.83308E-01
Adobe/Com,500,structural,0,6.40691E+03,5.64983E-01
Adobe/Com,1000,structural,0,9.22738E+03,8.13702E-01
Adobe/Com,5,structural+contents,0,0.00000E+00,0.00000E+00
Adobe/Com,10,structural+contents,0,0.00000E+00,0.00000E+00
Adobe/Com,20,structural+contents,0,0.00000E+00,0.00000E+00
Adobe/Com,50,structural+contents,0,0.00000E+00,0.00000E+00
Adobe/Com,100,structural+contents,0,1.56968E+03,5.03345E-02
Adobe/Com,200,structural+contents,0,5.01394E+03,1.60781E-01
Adobe/Com,500,structural+contents,0,9.20127E+03,2.95054E-01
Adobe/Com,1000,structural+contents,0,1.65155E+04,5.29597E-01
Adobe/Com,5,structural,1,0.00000E+00,0.00000E+00
Adobe/Com,10,structural,1,0.00000E+00,0.00000E+00
Adobe/Com,20,structural,1,0.00000E+00,0.00000E+00
Adobe/Com,50,structural,1,0.00000E+00,0.00000E+00
Adobe/Com,100,structural,1,0.00000E+00,0.00000E+00
Adobe/Com,200,structural,1,0.00000E+00,0.00000E+00
Adobe/Com,500,structural,1,1.66899E+03,1.47178E-01
Adobe/Com,1000,structural,1,2.28095E+03,2.01142E-01
Adobe/Com,5,structural+contents,1,0.00000E+00,0.00000E+00
Adobe/Com,10,structural+contents,1,0.00000E+00,0.00000E+00
Adobe/Com,20,structural+contents,1,0.00000E+00,0.00000E+00
Adobe/Com,50,structural+contents,1,0.00000E+00,0.00000E+00
Adobe/Com,100,structural+contents,1,0.00000E+00,0.00000E+00
Adobe/Com,200,structural+contents,1,0.00000E+00,0.00000E+00
Adobe/Com,500,structural+contents,1,1.66899E+03,5.35191E-02
Adobe/Com,1000,structural+contents,1,2.28095E+03,7.31425E-02
Adobe/Res,5,contents,0,0.00000E+00,0.00000E+00
Adobe/Res,10,contents,0,0.00000E+00,0.00000E+00
Adobe/Res,20,contents,0,0.00000E+00,0.00000E+00
Adobe/Res,50,contents,0,0.00000E+00,0.00000E+00
Adobe/Res,100,contents,0,0.00000E+00,0.00000E+00
Adobe/Res,200,contents,0,0.00000E+00,0.00000E+00
Adobe/Res,500,contents,0,3.33055E+03,1.67828E-01
Adobe/Res,1000,contents,0,3.90589E+03,1.96820E-01
Adobe/Res,5,structural,0,0.00000E+00,0.00000E+00
Adobe/Res,10,structural,0,0.00000E+00,0.00000E+00
Adobe/Res,20,structural,0,0.00000E+00,0.00000E+00
Adobe/Res,50,structural,0,0.00000E+00,0.00000E+00
Adobe/Res,100,structural,0,0.00000E+00,0.00000E+00
Adobe/Res,200,structural,0,3.07021E+03,2.70741E-01
Adobe/Res,500,structural,0,5.60740E+03,4.94479E-01
Adobe/Res,1000,structural,0,8.95269E+03,7.89479E-01
Adobe/Res,5,structural+contents,0,0.00000E+00,0.00000E+00
Adobe/Res,10,structural+contents,0,0.00000E+00,0.00000E+00
Adobe/Res,20,structural+contents,0,0.00000E+00,0.00000E+00
Adobe/Res,50,structural+contents,0,0.00000E+00,0.00000E+00
Adobe/Res,100,structural+contents,0,0.00000E+00,0.00000E+00
Adobe/Res,200,structural+contents,0,3.07021E+03,9.84513E-02
Adobe/Res,500,structural+contents,0,8.93795E+03,2.86611E-01
Adobe/Res,1000,structural+contents,0,1.28586E+04,4.12332E-01
Adobe/Res,5,contents,1,0.00000E+00,0.00000E+00
Adobe/Res,10,contents,1,0.00000E+00,0.00000E+00
Adobe/Res,20,contents,1,0.00000E+00,0.00000E+00
Adobe/Res,50,contents,1,0.00000E+00,0.00000E+00
Adobe/Res,100,contents,1,0.00000E+00,0.00000E+00
Adobe/Res,200,contents,1,0.00000E+00,0.00000E+00
Adobe/Res,500,contents,1,1.36155E+03,6.86090E-02
Adobe/Res,1000,contents,1,1.36459E+03,6.87625E-02
Adobe/Res,5,structural,1,0.00000E+00,0.00000E+00
Adobe/Res,10,structural,1,0.00000E+00,0.00000E+00
Adobe/Res,20,structural,1,0.00000E+00,0.00000E+00
Adobe/Res,50,structural,1,0.00000E+00,0.00000E+00
Adobe/Res,100,structural,1,1.08954E+03,9.60798E-02
Adobe/Res,200,structural,1,1.64041E+03,1.44657E-01
Adobe/Res,500,structural,1,2.14038E+03,1.88746E-01
Adobe/Res,1000,structural,1,2.41440E+03,2.12910E-01
Adobe/Res,5,structural+contents,1,0.00000E+00,0.00000E+00
Adobe/Res,10,structural+contents,1,0.00000E+00,0.00000E+00
Adobe/Res,20,structural+contents,1,0.00000E+00,0.00000E+00
Adobe/Res,50,structural+contents,1,0.00000E+00,0.00000E+00
Adobe/Res,100,structural+contents,1,1.08954E+03,3.49381E-02
Adobe/Res,200,structural+contents,1,1.64041E+03,5.26025E-02
Adobe/Res,500,structural+contents,1,3.24462E+03,1.04044E-01
Adobe/Res,1000,structural+contents,1,3.50192E+03,1.12295E-01
Wood/Com,5,contents,0,0.00000E+00,0.00000E+00
Wood/Com,10,contents,0,0.00000E+00,0.00000E+00
Wood/Com,20,contents,0,0.00000E+00,0.00000E+00
Wood/Com,50,contents,0,0.00000E+00,0.00000E+00
Wood/Com,100,contents,0,0.00000E+00,0.00000E+00
Wood/Com,200,contents,0,1.16547E+03,5.87286E-02
Wood/Com,500,contents,0,1.58895E+03,8.00678E-02
Wood/Com,1000,contents,0,1.64177E+03,8.27296E-02
Wood/Com,5,structural+contents,0,0.00000E+00,0.00000E+00
Wood/Com,10,structural+contents,0,0.00000E+00,0.00000E+00
Wood/Com,20,structural+contents,0,0.00000E+00,0.00000E+00
Wood/Com,50,structural+contents,0,0.00000E+00,0.00000E+00
Wood/Com,100,structural+contents,0,0.00000E+00,0.00000E+00
Wood/Com,200,structural+contents,0,1.16547E+03,3.73728E-02
Wood/Com,500,structural+contents,0,1.58895E+03,5.09522E-02
Wood/Com,1000,structural+contents,0,1.64177E+03,5.26461E-02
Wood/Com,5,contents,1,0.00000E+00,0.00000E+00
Wood/Com,10,contents,1,0.00000E+00,0.00000E+00
Wood/Com,20,contents,1,0.00000E+00,0.00000E+00
Wood/Com,50,contents,1,0.00000E+00,0.00000E+00
Wood/Com,100,contents,1,0.00000E+00,0.00000E+00
Wood/Com,200,contents,1,1.05760E+03,5.32929E-02
Wood/Com,500,contents,1,3.95231E+03,1.99159E-01
Wood/Com,1000,contents,1,9.13530E+03,4.60332E-01
Wood/Com,5,structural,1,0.00000E+00,0.00000E+00
Wood/Com,10,structural,1,0.00000E+00,0.00000E+00
Wood/Com,20,structural,1,0.00000E+00,0.00000E+00
Wood/Com,50,structural,1,0.00000E+00,0.00000E+00
Wood/Com,100,structural,1,0.00000E+00,0.00000E+00
Wood/Com,200,structural,1,0.00000E+00,0.00000E+00
Wood/Com,500,structural,1,7.91527E+02,6.97995E-02
Wood/Com,1000,structural,1,2.99803E+03,2.64376E-01
Wood/Com,5,structural+contents,1,0.00000E+00,0.00000E+00
Wood/Com,10,structural+contents,1,0.00000E+00,0.00000E+00
Wood/Com,20,structural+contents,1,0.00000E+00,0.00000E+00
Wood/Com,50,structural+contents,1,0.00000E+00,0.00000E+00
Wood/Com,100,structural+contents,1,0.00000E+00,0.00000E+00
Wood/Com,200,structural+contents,1,1.05760E+03,3.39137E-02
Wood/Com,500,structural+contents,1,4.74384E+03,1.52119E-01
Wood/Com,1000,structural+contents,1,1.21333E+04,3.89076E-01
Wood/Res,5,contents,0,0.00000E+00,0.00000E+00
Wood/Res,10,contents,0,0.00000E+00,0.00000E+00
Wood/Res,20,contents,0,0.00000E+00,0.00000E+00
Wood/Res,50,contents,0,0.00000E+00,0.00000E+00
Wood/Res,100,contents,0,0.00000E+00,0.00000E+00
Wood/Res,200,contents,0,0.00000E+00,0.00000E+00
Wood/Res,500,contents,0,1.77592E+03,8.94896E-02
Wood/Res,1000,contents,0,3.91109E+03,1.97082E-01
Wood/Res,5,structural,0,0.00000E+00,0.00000E+00
Wood/Res,10,structural,0,0.00000E+00,0.00000E+00
Wood/Res,20,structural,0,0.00000E+00,0.00000E+00
Wood/Res,50,structural,0,0.00000E+00,0.00000E+00
Wood/Res,100,structural,0,0.00000E+00,0.00000E+00
Wood/Res,200,structural,0,0.00000E+00,0.00000E+00
Wood/Res,500,structural,0,6.56709E+02,5.79108E-02
Wood/Res,1000,structural,0,1.43281E+03,1.26350E-01
Wood/Res,5,structural+contents,0,0.00000E+00,0.00000E+00
Wood/Res,10,structural+contents,0,0.00000E+00,0.00000E+00
Wood/Res,20,structural+contents,0,0.00000E+00,0.00000E+00
Wood/Res,50,structural+contents,0,0.00000E+00,0.00000E+00
Wood/Res,100,structural+contents,0,0.00000E+00,0.00000E+00
Wood/Res,200,structural+contents,0,0.00000E+00,0.00000E+00
Wood/Res,500,structural+contents,0,2.43263E+03,7.80064E-02
Wood/Res,1000,structural+contents,0,5.34390E+03,1.71361E-01
Wood/Res,5,contents,1,0.00000E+00,0.00000E+00
Wood/Res,10,contents,1,0.00000E+00,0.00000E+00
Wood/Res,20,contents,1,0.00000E+00,0.00000E+00
Wood/Res,50,contents,1,0.00000E+00,0.00000E+00
Wood/Res,100,contents,1,0.00000E+00,0.00000E+00
Wood/Res,200,contents,1,0.00000E+00,0.00000E+00
Wood/Res,500,contents,1,1.12650E+03,5.67650E-02
Wood/Res,1000,contents,1,1.27660E+03,6.43284E-02
Wood/Res,5,structural+contents,1,0.00000E+00,0.00000E+00
Wood/Res,10,structural+contents,1,0.00000E+00,0.00000E+00
Wood/Res,20,structural+contents,1,0.00000E+00,0.00000E+00
Wood/Res,50,structural+contents,1,0.00000E+00,0.00000E+00
Wood/Res,100,structural+contents,1,0.00000E+00,0.00000E+00
Wood/Res,200,structural+contents,1,0.00000E+00,0.00000E+00
Wood/Res,500,structural+contents,1,1.12650E+03,3.61232E-02
Wood/Res,1000,structural+contents,1,1.27660E+03,4.09362E-02
