#,,,,"generated_by='OpenQuake engine 3.21.0-gitb54fbd09a7', start_date='2024-06-08T12:04:59', checksum=193965386"
custom_site_id,lon,lat,gmv_SA(0.3),gsd_SA(0.3)
ebn94kzn,-2.00061E+00,2.02920E-01,1.66161E-08,3.83683E+03
7zywd7p4,-2.00061E+00,-2.46750E-01,7.08939E-08,6.33336E+03
ebnedqz1,-2.00059E+00,6.52580E-01,1.04707E-10,2.66489E+00
7zys43pp,-2.00058E+00,-6.96410E-01,2.63922E-08,4.25541E+03
ebnw62xm,-2.00053E+00,1.10224E+00,0.00000E+00,0.00000E+00
7zy96rr7,-2.00053E+00,-1.14607E+00,1.47151E-09,6.14165E+02
ebq8f6x2,-2.00045E+00,1.55190E+00,0.00000E+00,0.00000E+00
7zwwfmx2,-2.00044E+00,-1.59573E+00,1.74890E-10,2.31375E+01
ebqe6kr7,-2.00034E+00,2.00156E+00,0.00000E+00,0.00000E+00
7zws67xk,-2.00033E+00,-2.04539E+00,0.00000E+00,0.00000E+00
ebnchsyw,-1.55095E+00,2.02920E-01,2.08466E-03,1.91645E+02
7zyysend,-1.55095E+00,-2.46750E-01,1.02306E-02,3.25966E+00
ebngswy9,-1.55090E+00,6.52580E-01,2.29329E-05,4.75726E+03
7zyuh9nx,-1.55089E+00,-6.96410E-01,9.26077E-03,6.89180E+00
ebnyk8wt,-1.55079E+00,1.10224E+00,1.96521E-10,3.25684E+01
7zyckxqg,-1.55077E+00,-1.14607E+00,2.11505E-04,1.71172E+03
ebqbudwb,-1.55062E+00,1.55190E+00,0.00000E+00,0.00000E+00
7zwyutwb,-1.55061E+00,-1.59573E+00,1.23530E-07,7.75929E+03
ebqgksr5,-1.55041E+00,2.00156E+00,0.00000E+00,0.00000E+00
7zwukexh,-1.55038E+00,-2.04539E+00,2.24175E-10,4.33191E+01
ebp1nuyn,-1.10129E+00,2.02920E-01,1.74861E-02,2.27761E+00
7zznwgn4,-1.10128E+00,-2.46750E-01,2.21503E-02,2.58062E+00
ebp5wyy1,-1.10121E+00,6.52580E-01,5.44195E-03,3.57584E+01
7zzhncnp,-1.10119E+00,-6.96410E-01,1.89384E-02,2.64910E+00
ebpnqbwj,-1.10104E+00,1.10224E+00,1.15033E-05,6.17678E+03
7zz1qzq7,-1.10102E+00,-1.14607E+00,1.30415E-02,2.48723E+00
ebr0yfw2,-1.10080E+00,1.55190E+00,1.06557E-10,3.01732E+00
7zxnyvw2,-1.10077E+00,-1.59573E+00,5.01970E-04,7.97006E+02
ebr5quqe,-1.10047E+00,2.00156E+00,0.00000E+00,0.00000E+00
7zxhqgws,-1.10043E+00,-2.04539E+00,6.65611E-08,6.19558E+03
ebp91hvw,-6.51620E-01,2.02920E-01,2.94546E-02,2.31100E+00
7zzw95jd,-6.51620E-01,-2.46750E-01,5.01483E-02,2.55007E+00
ebpe9nv9,-6.51520E-01,6.52580E-01,1.38517E-02,2.01028E+00
7zzs11jx,-6.51500E-01,-6.96410E-01,3.85551E-02,2.56882E+00
ebpw30tt,-6.51300E-01,1.10224E+00,1.14091E-03,3.25310E+02
7zz93pmg,-6.51270E-01,-1.14607E+00,2.22350E-02,2.27360E+00
ebr8c4tb,-6.50970E-01,1.55190E+00,1.32426E-08,3.15845E+03
7zxwcjtb,-6.50940E-01,-1.59573E+00,1.02663E-02,5.49126E+00
ebre3hq7,-6.50530E-01,2.00156E+00,0.00000E+00,0.00000E+00
7zxs35wk,-6.50490E-01,-2.04539E+00,4.43622E-06,8.06900E+03
ebpc5kuy,-2.01960E-01,2.02920E-01,4.44669E-02,2.49045E+00
7zzye7hf,-2.01950E-01,-2.46750E-01,1.36568E-01,2.77572E+00
ebpgeqv1,-2.01830E-01,6.52580E-01,1.96014E-02,2.24944E+00
7zzu53jp,-2.01810E-01,-6.96410E-01,8.92374E-02,2.96026E+00
ebpy72tj,-2.01560E-01,1.10224E+00,2.47167E-03,1.38391E+02
7zzc7rm7,-2.01520E-01,-1.14607E+00,2.99528E-02,2.31927E+00
ebrbg6t8,-2.01150E-01,1.55190E+00,6.95607E-08,5.94986E+03
7zxygmt8,-2.01100E-01,-1.59573E+00,1.28681E-02,2.23196E+00
ebrg7kmg,-2.00600E-01,2.00156E+00,0.00000E+00,0.00000E+00
7zxu77tu,-2.00540E-01,-2.04539E+00,4.95191E-05,3.73854E+03
s001jsuq,2.47710E-01,2.02920E-01,3.80965E-02,2.53644E+00
kpbnteh6,2.47710E-01,-2.46750E-01,6.51902E-02,2.57147E+00
s005twu3,2.47860E-01,6.52580E-01,1.66356E-02,2.44861E+00
kpbhj9hx,2.47890E-01,-6.96410E-01,5.34651E-02,2.59047E+00
s00nm8st,2.48190E-01,1.10224E+00,1.13762E-03,4.23517E+02
kpb1mxkg,2.48230E-01,-1.14607E+00,2.22328E-02,2.44921E+00
s020vdt0,2.48680E-01,1.55190E+00,7.28561E-08,6.31606E+03
kp8nvtt0,2.48740E-01,-1.59573E+00,1.19628E-02,2.29466E+00
s025msme,2.49340E-01,2.00156E+00,0.00000E+00,0.00000E+00
kp8hmets,2.49410E-01,-2.04539E+00,1.74535E-05,5.88702E+03
s003pugy,6.97370E-01,2.02920E-01,1.95185E-02,2.46286E+00
kpbqxg5f,6.97380E-01,-2.46750E-01,2.32399E-02,2.24467E+00
s007xygc,6.97550E-01,6.52580E-01,1.10836E-02,2.34874E+00
kpbkpc5z,6.97580E-01,-6.96410E-01,2.21145E-02,2.27606E+00
s00qrbsj,6.97930E-01,1.10224E+00,1.31574E-05,6.37823E+03
kpb3rzk7,6.97980E-01,-1.14607E+00,1.40843E-02,2.33929E+00
s022zfs8,6.98500E-01,1.55190E+00,1.05567E-09,4.24701E+02
kp8qzvs8,6.98570E-01,-1.59573E+00,8.09909E-03,5.31182E+00
s027rum5,6.99270E-01,2.00156E+00,0.00000E+00,0.00000E+00
kp8krgtk,6.99360E-01,-2.04539E+00,3.81602E-08,4.76492E+03
s00c4hgn,1.14703E+00,2.02920E-01,6.85712E-03,1.62976E+01
kpbyd554,1.14704E+00,-2.46750E-01,1.16328E-02,2.20476E+00
s00gdng3,1.14724E+00,6.52580E-01,2.20383E-04,1.60423E+03
kpbu415r,1.14728E+00,-6.96410E-01,1.17465E-02,2.27644E+00
s00y60et,1.14768E+00,1.10224E+00,4.15106E-08,4.70645E+03
kpbc6p7g,1.14773E+00,-1.14607E+00,1.03014E-02,2.08518E+00
s02bf4s0,1.14833E+00,1.55190E+00,1.12185E-10,4.10416E+00
kp8yfjs0,1.14841E+00,-1.59573E+00,7.78537E-07,8.60037E+03
s02g6hkg,1.14921E+00,2.00156E+00,0.00000E+00,0.00000E+00
kp8u65su,1.14930E+00,-2.04539E+00,5.71384E-10,2.13828E+02
s011hkfw,1.59670E+00,2.02920E-01,1.52223E-06,8.73190E+03
kpcns74d,1.59671E+00,-2.46750E-01,2.63000E-05,4.79965E+03
s015sqfc,1.59693E+00,6.52580E-01,3.35591E-09,1.21845E+03
kpchh34z,1.59697E+00,-6.96410E-01,9.37762E-06,6.24420E+03
s01nk2ej,1.59742E+00,1.10224E+00,0.00000E+00,0.00000E+00
kpc1kr75,1.59748E+00,-1.14607E+00,1.27214E-08,3.10436E+03
s030u6e8,1.59816E+00,1.55190E+00,0.00000E+00,0.00000E+00
kp9numeb,1.59824E+00,-1.59573E+00,5.52215E-10,1.99021E+02
s035kkk7,1.59914E+00,2.00156E+00,0.00000E+00,0.00000E+00
kp9hk7ss,1.59925E+00,-2.04539E+00,0.00000E+00,0.00000E+00
s013nsfn,2.04636E+00,2.02920E-01,0.00000E+00,0.00000E+00
kpcqwe44,2.04637E+00,-2.46750E-01,0.00000E+00,0.00000E+00
s017wwf3,2.04662E+00,6.52580E-01,0.00000E+00,0.00000E+00
kpckn94r,2.04666E+00,-6.96410E-01,1.11554E-10,3.83216E+00
s01qq8dt,2.04716E+00,1.10224E+00,0.00000E+00,0.00000E+00
kpc3qx6e,2.04723E+00,-1.14607E+00,0.00000E+00,0.00000E+00
s032yde2,2.04798E+00,1.55190E+00,0.00000E+00,0.00000E+00
kp9qyte2,2.04808E+00,-1.59573E+00,0.00000E+00,0.00000E+00
s037qsk5,2.04908E+00,2.00156E+00,0.00000E+00,0.00000E+00
kp9kqesh,2.04920E+00,-2.04539E+00,0.00000E+00,0.00000E+00
