#,,,,,,,,"generated_by='OpenQuake engine 3.13.0-git63b4e49e3c', start_date='2022-01-04T10:03:04', checksum=2863431766, investigation_time=50.0, risk_investigation_time=100.0"
asset_id,taxonomy,lon,lat,structural~no_damage,structural~slight,structural~moderate,structural~extensive,structural~complete
a1,W,83.31382,29.46117,5.834455E-01,1.166002E-01,1.639836E-01,6.452727E-02,7.144331E-02
