masses:        e= 9.109e-31; ions in proton mass units:    2.000e+00  1.800e+02 ...
charges:       e=-1.602e-19; charges in elementary units:  1.000e+00  1.800e+01
n:             e:  1.000e+00                           i:  1.000e+00  1.000e-06
thermal T (K): e= 2.321e+07 i= 1.160e+07  1.160e+07. Normalization grid 0: v_0= 1.876e+07 ( 6.256e-02c) n_0= 1.000e+20 t_0= 1.909e-05 1 batched, view batch 0
Domain radius (AMR levels) grid 0: par= 5.000e+00 perp= 5.000e+00 (0) , 1: par= 5.835e-02 perp= 5.835e-02 (0) , 2: par= 6.151e-03 perp= 6.151e-03 (0) 
0) FormLandau 648 IPs, 24 cells total, Nb=27, Nq=27, dim=3, Tab: Nb=27 Nf=3 Np=27 cdim=3 N=375
  0) species 0: density=-1.6022277759757e+01, x-momentum=-8.2274350015640e-18, y-momentum= 1.6194057942560e-17, z-momentum= 7.2078969466151e-18, energy=  4.8065850328539e+04
  0) species 1: density= 1.6021989363948e+01, x-momentum=-2.7199585560090e-16, y-momentum= 1.6591747191655e-16, z-momentum= 1.3708591122285e-15, energy=  2.4032492579400e+04
  0) species 2: density= 2.8839580855106e-04, x-momentum=-1.8705655228634e-20, y-momentum= 2.5986561592977e-20, z-momentum= 1.8559745281452e-20, energy=  2.4032492579402e-02
	  0) Total: charge density= -9.4643910764081e-14, x-momentum= -2.8024199625769e-16, y-momentum=  1.8213751642070e-16, z-momentum=  1.3780855689204e-15, energy=  7.2098366940431e+04 (m_i[0]/m_e = 3670.94, 8 cells)
0 TS dt 0.1 time 0.
    0 SNES Function norm 1.744167693340e-02
    1 SNES Function norm 1.883413763990e-04
    2 SNES Function norm 6.878398862285e-06
    3 SNES Function norm 2.881309739998e-07
    4 SNES Function norm 1.227610429245e-08
    5 SNES Function norm 5.240901554350e-10
    6 SNES Function norm 2.237984647377e-11
  Nonlinear solve converged due to CONVERGED_SNORM_RELATIVE iterations 6
1 TS dt 0.1 time 0.1
  1) species 0: density=-1.6022277759757e+01, x-momentum=-8.4882470621323e-18, y-momentum= 1.5980666256640e-17, z-momentum= 7.0419256353444e-18, energy=  4.8065479411868e+04
  1) species 1: density= 1.6021989363948e+01, x-momentum=-2.5839606282085e-16, y-momentum= 1.7135738902857e-16, z-momentum= 1.3858188842866e-15, energy=  2.4032863583165e+04
  1) species 2: density= 2.8839580855106e-04, x-momentum=-1.8253334392372e-20, y-momentum= 2.5709332693333e-20, z-momentum= 1.8413835334271e-20, energy=  2.3944974655924e-02
	  1) Total: charge density= -9.1091251295389e-14, x-momentum= -2.6690256321738e-16, y-momentum=  1.8736376461790e-16, z-momentum=  1.3928792237573e-15, energy=  7.2098366940007e+04 (m_i[0]/m_e = 3670.94, 8 cells)
Particle Moments:	 number density      momentum (par)     energy             entropy      loss : # OMP threads 1.
	Initial:         3.345209694066e-07  6.874545861581e-18 7.209836694046e+04 4.260241e+00 0.000000e+00
	Coarse-graining: 3.345209694066e-07  1.756801056932e-16 7.209836694043e+04 5.162487e+00 4.757279e-08
	Landau:          3.345209694066e-07  1.672917451059e-16 7.209836694001e+04 5.162155e+00 4.752809e-08
Coarse-graining entropy generation = 9.022452e-01 ; Landau entropy generation = 9.019133e-01
(relative) energy conservation: Coarse-graining = -4.311178e-13 ; Landau = -6.278052e-12
