masses:        e= 9.109e-31; ions in proton mass units:    0.000e+00  0.000e+00 ...
charges:       e=-1.602e-19; charges in elementary units:  0.000e+00  0.000e+00
n:             e:  1.000e+00                           i:  1.000e+00  0.000e+00
thermal T (K): e= 1.160e+07 i= 0.000e+00  0.000e+00. Normalization grid 0: v_0= 1.326e+07 ( 4.424e-02c) n_0= 1.000e+20 t_0= 7.343e-06 4 batched, view batch 3
Domain radius (AMR levels) grid 0: par= 5.000e+00 perp= 5.000e+00 (0) 
0) FormLandau 128 IPs, 8 cells total, Nb=16, Nq=16, dim=2, Tab: Nb=16 Nf=1 Np=16 cdim=2 N=364
DM Object: half-plane 1 MPI process
  type: plex
half-plane in 2 dimensions:
  Number of 0-cells per rank: 15
  Number of 1-cells per rank: 22
  Number of 2-cells per rank: 8
Labels:
  celltype: 3 strata with value/size (0 (15), 1 (22), 4 (8))
  depth: 3 strata with value/size (0 (15), 1 (22), 2 (8))
  marker: 1 strata with value/size (1 (24))
  Face Sets: 4 strata with value/size (4 (6), 2 (6), 1 (3), 3 (3))
Field e:
  adjacency FEM
  0) species-0: charge density= -8.2071284220288e+01 z-momentum=  1.8583808658013e-04 energy=  1.2171555998327e+05 -- 8 cells
  Nonlinear solve converged due to CONVERGED_FNORM_RELATIVE iterations 8
  1) species-0: charge density= -8.2071284220288e+01 z-momentum=  1.8583808658013e-04 energy=  1.2171555998327e+05 -- 8 cells
