#,,,,,,,,,"generated_by='OpenQuake engine 3.17.0-git55f5880caf', start_date='2023-04-25T06:56:36', checksum=1996909398, investigation_time=1.0, ses_per_logic_tree_path=5000"
rup_id,multiplicity,mag,centroid_lon,centroid_lat,centroid_depth,trt,strike,dip,rake
0,9802,4.000000E+00,0.000000E+00,0.000000E+00,4.000000E+00,active shallow crust,0.000000E+00,9.000000E+01,0.000000E+00
