{
  "code": "# https://github.com/SamLau95/pandas_tutor/issues/32\n# https://pandas.pydata.org/pandas-docs/stable/user_guide/10min.html\nimport pandas as pd\nimport numpy as np\nnp.random.seed(0) # uncomment if you want deterministic outputs\ns = pd.Series([1, 3, 5, np.nan, 6, 8])\ndates = pd.date_range(\"20130101\", periods=6)\ndf = pd.DataFrame(np.random.randn(6, 4), index=dates, columns=list(\"ABCD\"))\ndf2 = df.copy()\ndf2[\"E\"] = [\"one\", \"one\", \"two\", \"three\", \"four\", \"three\"]\n\ndf2[df2[\"E\"].isin([\"two\", \"four\"])] # <-- is this an example of a nested expression?",
  "explanation": [
    {
      "type": "Subscript",
      "code_step": "df2[df2[\"E\"].isin([\"two\", \"four\"])]",
      "fragment": {
        "start": {
          "line": 0,
          "ch": 3
        },
        "end": {
          "line": 0,
          "ch": 35
        }
      },
      "marks": [
        {
          "type": "map",
          "from": {
            "type": "axis",
            "anchor": "lhs",
            "select": "row",
            "label": "2013-01-03 00:00:00"
          },
          "to": {
            "type": "axis",
            "anchor": "rhs",
            "select": "row",
            "label": "2013-01-03 00:00:00"
          }
        },
        {
          "type": "map",
          "from": {
            "type": "axis",
            "anchor": "lhs",
            "select": "row",
            "label": "2013-01-05 00:00:00"
          },
          "to": {
            "type": "axis",
            "anchor": "rhs",
            "select": "row",
            "label": "2013-01-05 00:00:00"
          }
        }
      ],
      "data": {
        "lhs": {
          "type": "DataFrame",
          "columns": {
            "names": [
              null
            ],
            "labels": [
              "A",
              "B",
              "C",
              "D",
              "E"
            ]
          },
          "index": {
            "names": [
              null
            ],
            "labels": [
              "2013-01-01 00:00:00",
              "2013-01-02 00:00:00",
              "2013-01-03 00:00:00",
              "2013-01-04 00:00:00",
              "2013-01-05 00:00:00",
              "2013-01-06 00:00:00"
            ]
          },
          "data": [
            [
              1.764052345967664,
              0.4001572083672233,
              0.9787379841057392,
              2.240893199201458,
              "one"
            ],
            [
              1.8675579901499675,
              -0.977277879876411,
              0.9500884175255894,
              -0.1513572082976979,
              "one"
            ],
            [
              -0.10321885179355784,
              0.41059850193837233,
              0.144043571160878,
              1.454273506962975,
              "two"
            ],
            [
              0.7610377251469934,
              0.12167501649282841,
              0.44386323274542566,
              0.33367432737426683,
              "three"
            ],
            [
              1.4940790731576061,
              -0.20515826376580087,
              0.31306770165090136,
              -0.8540957393017248,
              "four"
            ],
            [
              -2.5529898158340787,
              0.6536185954403606,
              0.8644361988595057,
              -0.7421650204064419,
              "three"
            ]
          ]
        },
        "rhs": {
          "type": "DataFrame",
          "columns": {
            "names": [
              null
            ],
            "labels": [
              "A",
              "B",
              "C",
              "D",
              "E"
            ]
          },
          "index": {
            "names": [
              null
            ],
            "labels": [
              "2013-01-03 00:00:00",
              "2013-01-05 00:00:00"
            ]
          },
          "data": [
            [
              -0.10321885179355784,
              0.41059850193837233,
              0.144043571160878,
              1.454273506962975,
              "two"
            ],
            [
              1.4940790731576061,
              -0.20515826376580087,
              0.31306770165090136,
              -0.8540957393017248,
              "four"
            ]
          ]
        }
      }
    }
  ]
}