#,,,,,,"generated_by='OpenQuake engine 3.13.0-gita0a31866cb', start_date='2021-10-07T08:08:28', checksum=3590982611"
asset_id,taxonomy,lon,lat,structural~no_damage,structural~moderate,structural~complete
a0,A,0.00000,0.00000,8.364208E+00,4.050695E-01,1.230722E+00
a1,B,0.00000,1.00000,1.777686E+01,1.411885E+00,8.112526E-01
a2,A,0.00000,2.00000,2.748010E+01,1.300956E+00,1.218939E+00
