{
  "code": "import pandas as pd\nimport io\n\ncsv = '''\ndate,id,pm25aqs,pm25pa\n2018-11-01,CA1,9.4,9.46\n2018-11-04,CA1,11.4,17.24\n2018-11-03,CA2,5.67,7.43\n2018-11-04,CA2,3.46,5.36\n2018-12-01,CA1,6.4,9.28\n2018-12-01,CA2,4.12,8.02\n2018-12-02,CA2,2.38,4.03\n2018-12-03,CA2,6.79,11.96\n'''\n\npm = pd.read_csv(io.StringIO(csv))\n\nmonths = pm['date'].str[5:7]\n\npm.groupby(months).mean()",
  "explanation": [
    {
      "type": "GroupByCall",
      "code_step": "pm.groupby(months).mean()",
      "fragment": {
        "start": {
          "line": 0,
          "ch": 2
        },
        "end": {
          "line": 0,
          "ch": 18
        }
      },
      "marks": [
        {
          "type": "using",
          "pos": {
            "type": "axis",
            "anchor": "lhs",
            "select": "column",
            "label": "date"
          }
        }
      ],
      "data": {
        "lhs": {
          "type": "DataFrame",
          "columns": {
            "names": [
              null
            ],
            "labels": [
              "date",
              "id",
              "pm25aqs",
              "pm25pa"
            ]
          },
          "index": {
            "names": [
              null
            ],
            "labels": [
              0,
              1,
              2,
              3,
              4,
              5,
              6,
              7
            ]
          },
          "data": [
            [
              "2018-11-01",
              "CA1",
              9.4,
              9.46
            ],
            [
              "2018-11-04",
              "CA1",
              11.4,
              17.24
            ],
            [
              "2018-11-03",
              "CA2",
              5.67,
              7.43
            ],
            [
              "2018-11-04",
              "CA2",
              3.46,
              5.36
            ],
            [
              "2018-12-01",
              "CA1",
              6.4,
              9.28
            ],
            [
              "2018-12-01",
              "CA2",
              4.12,
              8.02
            ],
            [
              "2018-12-02",
              "CA2",
              2.38,
              4.03
            ],
            [
              "2018-12-03",
              "CA2",
              6.79,
              11.96
            ]
          ]
        },
        "rhs": {
          "type": "DataFrameGroupBy",
          "columns": {
            "names": [
              null
            ],
            "labels": [
              "date",
              "id",
              "pm25aqs",
              "pm25pa"
            ]
          },
          "index": {
            "names": [
              null
            ],
            "labels": [
              0,
              1,
              2,
              3,
              4,
              5,
              6,
              7
            ]
          },
          "data": [
            [
              "2018-11-01",
              "CA1",
              9.4,
              9.46
            ],
            [
              "2018-11-04",
              "CA1",
              11.4,
              17.24
            ],
            [
              "2018-11-03",
              "CA2",
              5.67,
              7.43
            ],
            [
              "2018-11-04",
              "CA2",
              3.46,
              5.36
            ],
            [
              "2018-12-01",
              "CA1",
              6.4,
              9.28
            ],
            [
              "2018-12-01",
              "CA2",
              4.12,
              8.02
            ],
            [
              "2018-12-02",
              "CA2",
              2.38,
              4.03
            ],
            [
              "2018-12-03",
              "CA2",
              6.79,
              11.96
            ]
          ],
          "group_data": {
            "columns": [
              "date"
            ],
            "groups": [
              {
                "name": [
                  "11"
                ],
                "labels": [
                  0,
                  1,
                  2,
                  3
                ]
              },
              {
                "name": [
                  "12"
                ],
                "labels": [
                  4,
                  5,
                  6,
                  7
                ]
              }
            ]
          }
        }
      }
    },
    {
      "type": "GroupByAggCall",
      "code_step": "pm.groupby(months).mean()",
      "fragment": {
        "start": {
          "line": 0,
          "ch": 18
        },
        "end": {
          "line": 0,
          "ch": 25
        }
      },
      "marks": [
        {
          "type": "map",
          "from": {
            "type": "axis",
            "anchor": "lhs",
            "select": "row",
            "label": 0
          },
          "to": {
            "type": "axis",
            "anchor": "rhs",
            "select": "row",
            "label": "11"
          }
        },
        {
          "type": "map",
          "from": {
            "type": "axis",
            "anchor": "lhs",
            "select": "row",
            "label": 1
          },
          "to": {
            "type": "axis",
            "anchor": "rhs",
            "select": "row",
            "label": "11"
          }
        },
        {
          "type": "map",
          "from": {
            "type": "axis",
            "anchor": "lhs",
            "select": "row",
            "label": 2
          },
          "to": {
            "type": "axis",
            "anchor": "rhs",
            "select": "row",
            "label": "11"
          }
        },
        {
          "type": "map",
          "from": {
            "type": "axis",
            "anchor": "lhs",
            "select": "row",
            "label": 3
          },
          "to": {
            "type": "axis",
            "anchor": "rhs",
            "select": "row",
            "label": "11"
          }
        },
        {
          "type": "map",
          "from": {
            "type": "axis",
            "anchor": "lhs",
            "select": "row",
            "label": 4
          },
          "to": {
            "type": "axis",
            "anchor": "rhs",
            "select": "row",
            "label": "12"
          }
        },
        {
          "type": "map",
          "from": {
            "type": "axis",
            "anchor": "lhs",
            "select": "row",
            "label": 5
          },
          "to": {
            "type": "axis",
            "anchor": "rhs",
            "select": "row",
            "label": "12"
          }
        },
        {
          "type": "map",
          "from": {
            "type": "axis",
            "anchor": "lhs",
            "select": "row",
            "label": 6
          },
          "to": {
            "type": "axis",
            "anchor": "rhs",
            "select": "row",
            "label": "12"
          }
        },
        {
          "type": "map",
          "from": {
            "type": "axis",
            "anchor": "lhs",
            "select": "row",
            "label": 7
          },
          "to": {
            "type": "axis",
            "anchor": "rhs",
            "select": "row",
            "label": "12"
          }
        }
      ],
      "data": {
        "lhs": "prev_rhs",
        "rhs": {
          "type": "DataFrame",
          "columns": {
            "names": [
              null
            ],
            "labels": [
              "pm25aqs",
              "pm25pa"
            ]
          },
          "index": {
            "names": [
              "date"
            ],
            "labels": [
              "11",
              "12"
            ]
          },
          "data": [
            [
              7.4825,
              9.8725
            ],
            [
              4.9225,
              8.3225
            ]
          ]
        }
      }
    }
  ]
}