+------+-----------------------+----------+---------------+-----------+------------+
| loss | business_interruption | contents | nonstructural | occupants | structural |
+------+-----------------------+----------+---------------+-----------+------------+
| avg  | 7_035                 | 34_291   | 63_202        | 0.2146    | 29_342     |
+------+-----------------------+----------+---------------+-----------+------------+