#,,,,,,"generated_by='OpenQuake engine 3.13.0-git797650a0ab', start_date='2021-09-29T07:50:24', checksum=3590982611"
asset_id,taxonomy,lon,lat,structural~no_damage,structural~LS1,structural~LS2
a2,RC,15.56000,38.17000,9.912000E+02,7.359000E+02,2.729000E+02
