Norm of search step   0.19999999999999998 
Norm of search step   0.40000000000000013 
Norm of search step   0.39999999999999991 
Norm of search step   0.39999999999999997 
Norm of search step   0.10000000000000003 
Norm of search step    2.4999999999999991E-002 
Norm of search step    4.9999999999999933E-002 
Norm of search step    1.2500000000000032E-002 
Norm of search step    2.4999999999999949E-002 
Norm of search step    6.2499999999999813E-003 
Norm of search step    1.2500000000000008E-002 
Norm of search step    2.5000000000000001E-002 
Norm of search step    5.0000000000000051E-002 
Norm of search step   0.10000000000000001 
Norm of search step    2.5000000000000029E-002 
Norm of search step    6.2499999999999657E-003 
Norm of search step    1.5625000000000298E-003 
Norm of search step    3.1249999999999915E-003 
Norm of search step    7.8125000000002270E-004 
Norm of search step    1.5625000000000135E-003 
Norm of search step    3.1250000000000075E-003 
Norm of search step    6.2499999999999604E-003 
Norm of search step    1.2499999999999987E-002 
Norm of search step    3.1250000000000232E-003 
Norm of search step    7.8125000000003420E-004 
Norm of search step    1.5625000000000098E-003 
Norm of search step    3.1250000000000574E-003 
Norm of search step    6.2499999999999596E-003 
Norm of search step    6.2499999999999960E-003 
Norm of search step    1.5624999999999595E-003 
Norm of search step    3.9062499999999151E-004 
Norm of search step    7.8124999999989802E-004 
Norm of search step    1.9531250000002893E-004 
Norm of search step    3.9062499999999259E-004 
Norm of search step    7.8124999999998888E-004 
Norm of search step    1.5625000000000200E-003 
Norm of search step    3.1250000000000167E-003 
Norm of search step    6.2500000000000203E-003 
Norm of search step    1.5625000000000714E-003 
Norm of search step    3.1250000000000249E-003 
Norm of search step    7.8125000000004265E-004 
Norm of search step    1.9531250000001408E-004 
Norm of search step    3.9062500000001628E-004 
Norm of search step    7.8124999999999928E-004 
Norm of search step    1.5625000000000389E-003 
Norm of search step    3.1250000000000518E-003 
Norm of search step    3.1249999999999958E-003 
Norm of search step    7.8124999999995874E-004 
Norm of search step    1.9531250000000646E-004 
Norm of search step    3.9062499999993101E-004 
Norm of search step    7.8125000000000460E-004 
Norm of search step    1.5624999999999997E-003 
Norm of search step    3.1250000000000526E-003 
Norm of search step    7.8125000000002043E-004 
Norm of search step    1.5624999999999869E-003 
Norm of search step    3.9062499999998452E-004 
Norm of search step    9.7656249999992619E-005 
Norm of search step    1.9531249999996849E-004 
Norm of search step    3.9062500000001883E-004 
Norm of search step    7.8124999999996860E-004 
Norm of search step    1.9531250000003143E-004 
Norm of search step    4.8828125000061457E-005 
Norm of search step    9.7656250000010603E-005 
Norm of search step    1.9531250000000134E-004 
Norm of search step    3.9062499999998875E-004 
Norm of search step    9.7656249999983241E-005 
Norm of search step    2.4414062500034703E-005 
Norm of search step    4.8828125000072563E-005 
Norm of search step    9.7656249999995262E-005 
Norm of search step    1.9531249999998830E-004 
Norm of search step    3.9062500000006735E-004 
Norm of search step    9.7656250000044227E-005 
Norm of search step    2.4414062500044213E-005 
Norm of search step    4.8828125000074243E-005 
Norm of search step    9.7656250000029320E-005 
Norm of search step    1.9531250000007192E-004 
Number of SNES iterations =           50 
