KSP Object: 1 MPI process
  type: gmres
    restart=30, using Classical (unmodified) Gram-Schmidt Orthogonalization with no iterative refinement
    happy breakdown tolerance 1e-30
  maximum iterations=10000, nonzero initial guess
  tolerances: relative=1e-05, absolute=1e-50, divergence=10000.
  left preconditioning
  using PRECONDITIONED norm type for convergence test
PC Object: 1 MPI process
  type: gamg
    type is MULTIPLICATIVE, levels=2 cycles=v
      Cycles per PCApply=1
      Using externally compute Galerkin coarse grid matrices
      GAMG specific options
        Threshold for dropping small values in graph on each level =   -1.   -1.  
        Threshold scaling factor for each level not specified = 1.
        AGG specific options
          Number of levels of aggressive coarsening 1
          Square graph aggressive coarsening
          Number smoothing steps 1
        Complexity:    grid = 1.11111    operator = 1.09756
  Coarse grid solver -- level 0 -------------------------------
    KSP Object: (mg_coarse_) 1 MPI process
      type: preonly
      maximum iterations=10000, initial guess is zero
      tolerances: relative=1e-05, absolute=1e-50, divergence=10000.
      left preconditioning
      using NONE norm type for convergence test
    PC Object: (mg_coarse_) 1 MPI process
      type: bjacobi
        number of blocks = 1
        Local solver information for first block is in the following KSP and PC objects on rank 0:
        Use -mg_coarse_ksp_view ::ascii_info_detail to display information for all blocks
      KSP Object: (mg_coarse_sub_) 1 MPI process
        type: preonly
        maximum iterations=1, initial guess is zero
        tolerances: relative=1e-05, absolute=1e-50, divergence=10000.
        left preconditioning
        using NONE norm type for convergence test
      PC Object: (mg_coarse_sub_) 1 MPI process
        type: lu
          out-of-place factorization
          tolerance for zero pivot 2.22045e-14
          using diagonal shift on blocks to prevent zero pivot [INBLOCKS]
          matrix ordering: nd
          factor fill ratio given 5., needed 1.
            Factored matrix follows:
              Mat Object: (mg_coarse_sub_) 1 MPI process
                type: seqaij
                rows=4, cols=4
                package used to perform factorization: petsc
                total: nonzeros=16, allocated nonzeros=16
                  using I-node routines: found 1 nodes, limit used is 5
        linear system matrix = precond matrix:
        Mat Object: (mg_coarse_sub_) 1 MPI process
          type: seqaij
          rows=4, cols=4
          total: nonzeros=16, allocated nonzeros=16
          total number of mallocs used during MatSetValues calls=0
            using I-node routines: found 1 nodes, limit used is 5
      linear system matrix = precond matrix:
      Mat Object: (mg_coarse_sub_) 1 MPI process
        type: seqaij
        rows=4, cols=4
        total: nonzeros=16, allocated nonzeros=16
        total number of mallocs used during MatSetValues calls=0
          using I-node routines: found 1 nodes, limit used is 5
  Down solver (pre-smoother) on level 1 -------------------------------
    KSP Object: (mg_levels_1_) 1 MPI process
      type: chebyshev
        Chebyshev polynomial of first kind
        eigenvalue targets used: min 0.101525, max 1.11678
        eigenvalues estimated via cg: min 0.331485, max 1.01525
        eigenvalues estimated using cg with transform: [0. 0.1; 0. 1.1]
        KSP Object: (mg_levels_1_esteig_) 1 MPI process
          type: cg
          maximum iterations=10, initial guess is zero
          tolerances: relative=1e-12, absolute=1e-50, divergence=10000.
          left preconditioning
          using PRECONDITIONED norm type for convergence test
        estimating eigenvalues using a noisy random number generated right-hand side
      maximum iterations=2, nonzero initial guess
      tolerances: relative=1e-05, absolute=1e-50, divergence=10000.
      left preconditioning
      using NONE norm type for convergence test
    PC Object: (mg_levels_1_) 1 MPI process
      type: sor
        type = local_symmetric, iterations = 1, local iterations = 1, omega = 1.
      linear system matrix = precond matrix:
      Mat Object: 1 MPI process
        type: seqaij
        rows=36, cols=36
        total: nonzeros=164, allocated nonzeros=164
        total number of mallocs used during MatSetValues calls=0
          not using I-node routines
  Up solver (post-smoother) same as down solver (pre-smoother)
  linear system matrix = precond matrix:
  Mat Object: 1 MPI process
    type: seqaij
    rows=36, cols=36
    total: nonzeros=164, allocated nonzeros=164
    total number of mallocs used during MatSetValues calls=0
      not using I-node routines
Norm of error 7.89481e-07 Iterations 5
