DM Object: box (base_) 3 MPI processes
  type: plex
box in 3 dimensions:
  Number of 0-cells per rank: 48 64 48
  Number of 1-cells per rank: 104 144 104
  Number of 2-cells per rank: 75 108 75
  Number of 3-cells per rank: 18 27 18
Labels:
  depth: 4 strata with value/size (0 (48), 1 (104), 2 (75), 3 (18))
  marker: 1 strata with value/size (1 (145))
  Face Sets: 5 strata with value/size (1 (9), 3 (6), 4 (6), 5 (6), 6 (6))
  celltype: 4 strata with value/size (0 (48), 1 (104), 4 (75), 7 (18))
DM Object: forest 3 MPI processes
  type: p8est
Forest forest in 3 dimensions:
DM Object: forest 3 MPI processes
  type: plex
forest in 3 dimensions:
  Number of 0-cells per rank: 48 64 48
  Number of 1-cells per rank: 104 144 104
  Number of 2-cells per rank: 75 108 75
  Number of 3-cells per rank: 18 27 18
Labels:
  marker: 1 strata with value/size (1 (145))
  Face Sets: 5 strata with value/size (6 (6), 3 (6), 1 (9), 5 (6), 4 (6))
  _forest_base_subpoint_map: 245 strata with value/size (0 (1), 1 (1), 2 (1), 3 (1), 4 (1), 5 (1), 6 (1), 7 (1), 8 (1), 9 (1), 10 (1), 11 (1), 12 (1), 13 (1), 14 (1), 15 (1), 16 (1), 17 (1), 91 (1), 92 (1), 103 (1), 104 (1), 115 (1), 148 (1), 93 (1), 107 (1), 108 (1), 116 (1), 149 (1), 94 (1), 111 (1), 112 (1), 117 (1), 150 (1), 95 (1), 96 (1), 105 (1), 118 (1), 151 (1), 97 (1), 109 (1), 119 (1), 152 (1), 98 (1), 113 (1), 120 (1), 153 (1), 99 (1), 100 (1), 106 (1), 121 (1), 154 (1), 101 (1), 110 (1), 122 (1), 155 (1), 102 (1), 114 (1), 123 (1), 156 (1), 124 (1), 125 (1), 136 (1), 137 (1), 181 (1), 126 (1), 140 (1), 141 (1), 183 (1), 127 (1), 144 (1), 145 (1), 185 (1), 128 (1), 129 (1), 138 (1), 187 (1), 130 (1), 142 (1), 189 (1), 131 (1), 146 (1), 191 (1), 132 (1), 133 (1), 139 (1), 193 (1), 134 (1), 143 (1), 195 (1), 135 (1), 147 (1), 197 (1), 199 (1), 202 (1), 239 (1), 242 (1), 211 (1), 214 (1), 251 (1), 254 (1), 223 (1), 224 (1), 227 (1), 228 (1), 200 (1), 203 (1), 240 (1), 243 (1), 217 (1), 257 (1), 225 (1), 229 (1), 201 (1), 204 (1), 241 (1), 244 (1), 220 (1), 260 (1), 226 (1), 230 (1), 205 (1), 245 (1), 212 (1), 215 (1), 252 (1), 255 (1), 231 (1), 232 (1), 206 (1), 246 (1), 218 (1), 258 (1), 233 (1), 207 (1), 247 (1), 221 (1), 261 (1), 234 (1), 208 (1), 248 (1), 213 (1), 216 (1), 253 (1), 256 (1), 235 (1), 236 (1), 209 (1), 249 (1), 219 (1), 259 (1), 237 (1), 210 (1), 250 (1), 222 (1), 262 (1), 238 (1), 279 (1), 282 (1), 303 (1), 306 (1), 263 (1), 264 (1), 267 (1), 268 (1), 280 (1), 283 (1), 309 (1), 265 (1), 269 (1), 281 (1), 284 (1), 312 (1), 266 (1), 270 (1), 285 (1), 304 (1), 307 (1), 271 (1), 272 (1), 286 (1), 310 (1), 273 (1), 287 (1), 313 (1), 274 (1), 288 (1), 305 (1), 308 (1), 275 (1), 276 (1), 289 (1), 311 (1), 277 (1), 290 (1), 314 (1), 278 (1), 27 (1), 28 (1), 31 (1), 32 (1), 43 (1), 44 (1), 47 (1), 48 (1), 29 (1), 33 (1), 45 (1), 49 (1), 30 (1), 34 (1), 46 (1), 50 (1), 35 (1), 36 (1), 51 (1), 52 (1), 37 (1), 53 (1), 38 (1), 54 (1), 39 (1), 40 (1), 55 (1), 56 (1), 41 (1), 57 (1), 42 (1), 58 (1), 59 (1), 60 (1), 63 (1), 64 (1), 61 (1), 65 (1), 62 (1), 66 (1), 67 (1), 68 (1), 69 (1), 70 (1), 71 (1), 72 (1), 73 (1), 74 (1))
  depth: 4 strata with value/size (0 (48), 1 (104), 2 (75), 3 (18))
  celltype: 4 strata with value/size (7 (18), 4 (75), 1 (104), 0 (48))
DM Object: forest 3 MPI processes
  type: p8est
Forest forest in 3 dimensions:
DM Object: forest 3 MPI processes
  type: plex
forest in 3 dimensions:
  Number of 0-cells per rank: 48 64 48
  Number of 1-cells per rank: 104 144 104
  Number of 2-cells per rank: 75 108 75
  Number of 3-cells per rank: 18 27 18
Labels:
  depth: 4 strata with value/size (0 (48), 1 (104), 2 (75), 3 (18))
  celltype: 4 strata with value/size (7 (18), 4 (75), 1 (104), 0 (48))
  marker: 1 strata with value/size (1 (145))
  Face Sets: 5 strata with value/size (6 (6), 3 (6), 1 (9), 5 (6), 4 (6))
  _forest_base_subpoint_map: 245 strata with value/size (0 (1), 1 (1), 2 (1), 3 (1), 4 (1), 5 (1), 6 (1), 7 (1), 8 (1), 9 (1), 10 (1), 11 (1), 12 (1), 13 (1), 14 (1), 15 (1), 16 (1), 17 (1), 91 (1), 92 (1), 103 (1), 104 (1), 115 (1), 148 (1), 93 (1), 107 (1), 108 (1), 116 (1), 149 (1), 94 (1), 111 (1), 112 (1), 117 (1), 150 (1), 95 (1), 96 (1), 105 (1), 118 (1), 151 (1), 97 (1), 109 (1), 119 (1), 152 (1), 98 (1), 113 (1), 120 (1), 153 (1), 99 (1), 100 (1), 106 (1), 121 (1), 154 (1), 101 (1), 110 (1), 122 (1), 155 (1), 102 (1), 114 (1), 123 (1), 156 (1), 124 (1), 125 (1), 136 (1), 137 (1), 181 (1), 126 (1), 140 (1), 141 (1), 183 (1), 127 (1), 144 (1), 145 (1), 185 (1), 128 (1), 129 (1), 138 (1), 187 (1), 130 (1), 142 (1), 189 (1), 131 (1), 146 (1), 191 (1), 132 (1), 133 (1), 139 (1), 193 (1), 134 (1), 143 (1), 195 (1), 135 (1), 147 (1), 197 (1), 199 (1), 202 (1), 239 (1), 242 (1), 211 (1), 214 (1), 251 (1), 254 (1), 223 (1), 224 (1), 227 (1), 228 (1), 200 (1), 203 (1), 240 (1), 243 (1), 217 (1), 257 (1), 225 (1), 229 (1), 201 (1), 204 (1), 241 (1), 244 (1), 220 (1), 260 (1), 226 (1), 230 (1), 205 (1), 245 (1), 212 (1), 215 (1), 252 (1), 255 (1), 231 (1), 232 (1), 206 (1), 246 (1), 218 (1), 258 (1), 233 (1), 207 (1), 247 (1), 221 (1), 261 (1), 234 (1), 208 (1), 248 (1), 213 (1), 216 (1), 253 (1), 256 (1), 235 (1), 236 (1), 209 (1), 249 (1), 219 (1), 259 (1), 237 (1), 210 (1), 250 (1), 222 (1), 262 (1), 238 (1), 279 (1), 282 (1), 303 (1), 306 (1), 263 (1), 264 (1), 267 (1), 268 (1), 280 (1), 283 (1), 309 (1), 265 (1), 269 (1), 281 (1), 284 (1), 312 (1), 266 (1), 270 (1), 285 (1), 304 (1), 307 (1), 271 (1), 272 (1), 286 (1), 310 (1), 273 (1), 287 (1), 313 (1), 274 (1), 288 (1), 305 (1), 308 (1), 275 (1), 276 (1), 289 (1), 311 (1), 277 (1), 290 (1), 314 (1), 278 (1), 27 (1), 28 (1), 31 (1), 32 (1), 43 (1), 44 (1), 47 (1), 48 (1), 29 (1), 33 (1), 45 (1), 49 (1), 30 (1), 34 (1), 46 (1), 50 (1), 35 (1), 36 (1), 51 (1), 52 (1), 37 (1), 53 (1), 38 (1), 54 (1), 39 (1), 40 (1), 55 (1), 56 (1), 41 (1), 57 (1), 42 (1), 58 (1), 59 (1), 60 (1), 63 (1), 64 (1), 61 (1), 65 (1), 62 (1), 66 (1), 67 (1), 68 (1), 69 (1), 70 (1), 71 (1), 72 (1), 73 (1), 74 (1))
