#,,,,,,,,,,,,,,,,,,,,,,"generated_by='OpenQuake engine 3.20.0-git6a5db97d59', start_date='2024-06-03T09:36:07', checksum=3287767506, kind='mean', investigation_time=50.0, imt='PGA'"
lon,lat,depth,poe-0.0010000,poe-0.0012743,poe-0.0016238,poe-0.0020691,poe-0.0026367,poe-0.0033598,poe-0.0042813,poe-0.0054556,poe-0.0069519,poe-0.0088587,poe-0.0112884,poe-0.0143845,poe-0.0183298,poe-0.0233572,poe-0.0297635,poe-0.0379269,poe-0.0483293,poe-0.0615848,poe-0.0784760,poe-0.1000000
1.10000,-1.90000,0.00000,9.868319E-01,9.819340E-01,9.701821E-01,9.418905E-01,8.770686E-01,7.494049E-01,5.547385E-01,3.391210E-01,1.671879E-01,6.532554E-02,1.944732E-02,4.145390E-03,3.748342E-04,0.000000E+00,0.000000E+00,0.000000E+00,0.000000E+00,0.000000E+00,0.000000E+00,0.000000E+00
1.10000,-1.10000,0.00000,9.896674E-01,9.889531E-01,9.871447E-01,9.828692E-01,9.729140E-01,9.496573E-01,8.971426E-01,7.918156E-01,6.213353E-01,4.133804E-01,2.265004E-01,1.006868E-01,3.580689E-02,9.854353E-03,1.817153E-03,9.253314E-05,0.000000E+00,0.000000E+00,0.000000E+00,0.000000E+00
