#,,,,,,,,,"generated_by='OpenQuake engine 3.17.0-git8837608ff6', start_date='2023-05-04T15:54:09', checksum=590422006, investigation_time=1.0, ses_per_logic_tree_path=50"
rup_id,multiplicity,mag,centroid_lon,centroid_lat,centroid_depth,trt,strike,dip,rake
0,232,4.500000E+00,5.000000E-01,0.000000E+00,4.000000E+00,active shallow crust,0.000000E+00,9.000000E+01,0.000000E+00
1073741824,258,4.500000E+00,5.000000E-01,5.000000E-01,4.000000E+00,active shallow crust,0.000000E+00,9.000000E+01,0.000000E+00
2147483648,252,4.000000E+00,1.000000E-01,0.000000E+00,4.000000E+00,active shallow crust,0.000000E+00,9.000000E+01,0.000000E+00
3221225472,255,4.000000E+00,1.000000E-01,0.000000E+00,4.000000E+00,active shallow crust,0.000000E+00,9.000000E+01,0.000000E+00
4294967296,241,4.000000E+00,1.100000E+00,0.000000E+00,4.000000E+00,active shallow crust,0.000000E+00,9.000000E+01,0.000000E+00
5368709120,222,4.000000E+00,1.100000E+00,0.000000E+00,4.000000E+00,active shallow crust,0.000000E+00,9.000000E+01,0.000000E+00
