#,,,,"generated_by='OpenQuake engine 3.20.0-git447238dada', start_date='2024-05-29T10:52:18', checksum=2174348292, investigation_time=1.0, risk_investigation_time=50.0"
event_id,loss,loss_type,rup_id,year
1,5.63449E+02,structural,2147483648,1
3,7.37398E+02,structural,2147483650,3
0,1.14611E+03,structural,1073742197,6
2,1.72911E+03,structural,2147483648,4
