#,,,,,,,,"generated_by='OpenQuake engine 3.17.0-gitc157a3bc4c', start_date='2023-04-24T09:32:56', checksum=3172484047"
asset_id,taxonomy,lon,lat,structural~no_damage,structural~Slight,structural~Moderate,structural~Extensive,structural~Collapse
ant_13_S1,MUR/LWAL/HEX:1,-75.07679,6.90913,2.129000E+03,0.000000E+00,0.000000E+00,0.000000E+00,0.000000E+00
ant_13_S2,MUR/LWAL/HEX:2,-75.07679,6.90913,4.600000E+02,0.000000E+00,0.000000E+00,0.000000E+00,0.000000E+00
ant_13_S3,MUR/LWAL/HEX:3,-75.07679,6.90913,7.700000E+01,0.000000E+00,0.000000E+00,0.000000E+00,0.000000E+00
ant_13_S4,MUR/LWAL/HEX:4,-75.07679,6.90913,1.499520E+01,4.679942E-03,0.000000E+00,1.227838E-04,0.000000E+00
ant_13_S5,MUR/LWAL/HEX:5,-75.07679,6.90913,9.997174E-01,0.000000E+00,2.388246E-04,4.376524E-05,7.496896E-09
