2.12900E+03 0.00000E+00 0.00000E+00 0.00000E+00 0.00000E+00
4.60000E+02 0.00000E+00 0.00000E+00 0.00000E+00 0.00000E+00
7.70000E+01 0.00000E+00 0.00000E+00 0.00000E+00 0.00000E+00
1.49952E+01 4.67994E-03 0.00000E+00 1.22784E-04 0.00000E+00
9.99717E-01 0.00000E+00 2.38825E-04 4.37652E-05 7.49690E-09
